DATE: Thursday 30 October 2025 18:16:17.921
THR: AWT-EventQueue-0
java.lang.ExceptionInInitializerError
	at java.io.File.deleteOnExit(Unknown Source)
	at com.mentor.jeda.jwdb.JwdbMgr.f(JwdbMgr.java:2483)
	at com.mentor.jeda.jwdb.JwdbWdb.b(JwdbWdb.java:5504)
	at com.mentor.jeda.jwdb.JwdbWdb.a(JwdbWdb.java:6650)
	at com.mentor.jeda.jwdb.JwdbMgr.a(JwdbMgr.java:1256)
	at com.mentor.jeda.jwdb.JwdbMgr.openWdb(JwdbMgr.java:1096)
	at com.mentor.jeda.jwdb.JwdbMgr.openWdb(JwdbMgr.java:831)
	at com.mentor.jeda.wve.WveWdb.a(WveWdb.java:2554)
	at com.mentor.jeda.wve.WveWdb.openWdb(WveWdb.java:1595)
	at com.mentor.jeda.wve.WveCom$cmdOpenWdb.executeLongCmd(WveCom.java:11224)
	at com.mentor.jeda.wve.WveCom$cmdOpenWdb.execute(WveCom.java:11026)
	at com.mentor.jeda.comps.JetCmdRgyEntryTable.a(JetCmdRgyEntryTable.java:684)
	at com.mentor.jeda.comps.JetCmdRgyEntryTable.execute(JetCmdRgyEntryTable.java:131)
	at com.mentor.jeda.comps.JetCmdRgyEntryTable.execute(JetCmdRgyEntryTable.java:104)
	at com.mentor.jeda.wve.WveCom.execute(WveCom.java:2012)
	at com.mentor.jeda.wve.WveCom.execute(WveCom.java:1908)
	at com.mentor.jeda.wve.WveActionMgr.b(WveActionMgr.java:4434)
	at com.mentor.jeda.wve.WveActionMgr.a(WveActionMgr.java:4354)
	at com.mentor.jeda.wve.WveActionMgr.a(WveActionMgr.java:4330)
	at com.mentor.jeda.wve.WveActionMgr.execOpenWdbCmd(WveActionMgr.java:900)
	at com.mentor.jeda.wve.WveFileOpen.handleDatabase(WveFileOpen.java:453)
	at com.mentor.jeda.wve.WveFileOpen.a(WveFileOpen.java:251)
	at com.mentor.jeda.wve.WveFileOpen.openSelectedFiles(WveFileOpen.java:171)
	at com.mentor.jeda.wve.WveApp$6.actionPerformed(WveApp.java:590)
	at javax.swing.Timer.fireActionPerformed(Unknown Source)
	at javax.swing.Timer$DoPostEvent.run(Unknown Source)
	at java.awt.event.InvocationEvent.dispatch(Unknown Source)
	at java.awt.EventQueue.dispatchEvent(Unknown Source)
	at java.awt.EventDispatchThread.pumpOneEventForFilters(Unknown Source)
	at java.awt.EventDispatchThread.pumpEventsForFilter(Unknown Source)
	at java.awt.EventDispatchThread.pumpEventsForHierarchy(Unknown Source)
	at java.awt.EventDispatchThread.pumpEvents(Unknown Source)
	at java.awt.EventDispatchThread.pumpEvents(Unknown Source)
	at java.awt.EventDispatchThread.run(Unknown Source)
Caused by: java.lang.IllegalStateException: Shutdown in progress
	at java.lang.Shutdown.add(Unknown Source)
	at java.lang.System$2.registerShutdownHook(Unknown Source)
	at java.io.DeleteOnExitHook.<clinit>(Unknown Source)
	... 34 more

